<?xml version="1.0" encoding="utf-8"?><testsuites><testsuite name="pytest" errors="0" failures="0" skipped="0" tests="2" time="0.031" timestamp="2023-07-20T15:19:48.168691" hostname="Oscars-MacBook-Pro.local"><testcase classname="test_dining_manager.TestDiningManager" name="test_calculate_total" time="0.001" /><testcase classname="test_dining_manager.TestDiningManager" name="test_validate_quantity" time="0.001" /></testsuite></testsuites>